(node:1324) [DEP0128] DeprecationWarning: Invalid 'main' field in '\\?\D:\my-work\code\nlsw\node_modules\simplesmtp\package.json' of './lib/smtp'. Please either fix that or report it to the module author
(Use `node --trace-deprecation ...` to show where the warning was created)
(node:1324) [DEP0128] DeprecationWarning: Invalid 'main' field in '\\?\D:\my-work\code\nlsw\node_modules\simplesmtp\package.json' of './lib/smtp'. Please either fix that or report it to the module author
node:events:497
      throw er; // Unhandled 'error' event
      ^

Error: listen EADDRINUSE: address already in use :::1080
    at Server.setupListenHandle [as _listen2] (node:net:1940:16)
    at listenInCluster (node:net:1997:12)
    at Server.listen (node:net:2102:7)
    at Function.listen (D:\my-work\code\nlsw\node_modules\express\lib\application.js:635:24)
    at Object.<anonymous> (D:\my-work\code\nlsw\app.js:166:5)
    at Module._compile (node:internal/modules/cjs/loader:1706:14)
    at Object..js (node:internal/modules/cjs/loader:1839:10)
    at Module.load (node:internal/modules/cjs/loader:1441:32)
    at Function._load (node:internal/modules/cjs/loader:1263:12)
    at TracingChannel.traceSync (node:diagnostics_channel:322:14)
Emitted 'error' event on Server instance at:
    at emitErrorNT (node:net:1976:8)
    at process.processTicksAndRejections (node:internal/process/task_queues:90:21) {
  code: 'EADDRINUSE',
  errno: -4091,
  syscall: 'listen',
  address: '::',
  port: 1080
}

Node.js v22.20.0
